
GNU/EDMA 0.16.4 build [Jan 30 2010][Beta][0.16.4] starting up...
EDMA Startup process... OK
INVALID CLASS...
----------------------------------
[EDMA_EXCEPTION] <1> :: [edma_parse_class_name] Class 'A_CLASS' not found
----------------------------------
INVALID OBJECT...
----------------------------------
[EDMA_EXCEPTION] <1> :: [edma_met3] Invalid Object Identifier: -1 (Id=aaaa)
----------------------------------
INVALID CLASS IDENTIFIER...
----------------------------------
[EDMA_EXCEPTION] <1> :: [edma_get_class_name] Invalid Class Identifier: -1
----------------------------------
INVALID METHOD IDENTIFIER...
----------------------------------
(HELLO_WORLD)  [Constructor]
[EDMA_EXCEPTION] <1> :: [_edma_locate_method] Method 'A_method' not found in object '0' through classpath: 'A_method'
[EDMA_EXCEPTION] <1> :: [edma_met3_pargs] Can't run method 'A_method' on object 0 of class 'HELLO_WORLD'
==============================
EXCEPTION CATCH (NESTING)....
----------------------------------
(HELLO_WORLD)  [say] -------------------------------
(HELLO_WORLD)  [say] Hello world!!!!
(HELLO_WORLD)  [say] Property num : 0
(HELLO_WORLD)  [say] Property str : (null)
(HELLO_WORLD)  [say] -------------------------------
----------------------------------
INNER exception catched!!!!!!!!
----------------------------------
>>>>>>>>>>>>>>>>>>>>>>>>>>>>>>>>>>
[EDMA_EXCEPTION] print
    Type        : 1
    Description : [_edma_locate_property] Property 'A_Property' not found in object '0' through classpath: 'A_Property'
>>>>>>>>>>>>>>>>>>>>>>>>>>>>>>>>>>
----------------------------------
OUTER exception catched !!!!!!!!!!
----------------------------------
>>>>>>>>>>>>>>>>>>>>>>>>>>>>>>>>>>
[EDMA_EXCEPTION] print
    Type        : 1
    Description : [_edma_locate_method] Method 'Just_Other_method' not found in object '0' through classpath: 'Just_Other_method'
>>>>>>>>>>>>>>>>>>>>>>>>>>>>>>>>>>
==============================
(HELLO_WORLD)  [Destructor]
----------------------------------
INVALID OBJECT IDENTIFIER free_obj...
----------------------------------
[EDMA_EXCEPTION] <1> :: [edma_free_obj] Invalid Object Identifier: -1
---------------------[EDMAEnd]----------------------------------
No more process in GNU EDMA. Freeing All Resources...
Cleanup done!!
