
GNU/EDMA 0.16.1 build [Jan 23 2010][Beta][0.16.4] starting up...
EDMA Startup process... OK
TEST1. Cloning object with two super-classes
--------------------------------------------
(GAP)Just a GAP!
(HELLO_WORLD)  [Constructor]
(GAP)Just a GAP!
(HELLO_WORLD)  [Constructor]
==OBJECT REPORT==================================================
Object (0) of class (AP_TEST)
Top Level Object. Object haven't father
No PseudoFather information
Object has 2 superobjects
    Id : (SUPER2) Class : (GAP) Class attached Object: (GAP)
    Id : (SUPER1) Class : (HELLO_WORLD) Class attached Object: (HELLO_WORLD)
Object has 2 subobjects
    Id : (INNER2) Class : (GAP) Class attached Object: (GAP)
    Id : (INNER1) Class : (HELLO_WORLD) Class attached Object: (HELLO_WORLD)
Virtual Methods in object
==END OBJECT REPORT==========================================
    Our Object ==> AP_TEST [0]
      SUPER2 ==> GAP [1]
      SUPER1 ==> HELLO_WORLD [2]
---[View Down from SUPER1 (HELLO_WORLD)]--------------
        INNER2 ==> GAP [3]
        INNER1 ==> HELLO_WORLD [4]
      AP_TEST ==> AP_TEST [0]
    SUPER1 ==> HELLO_WORLD [2]
---[View Down from SUPER2 (GAP)]----------------------
        INNER2 ==> GAP [3]
        INNER1 ==> HELLO_WORLD [4]
      AP_TEST ==> AP_TEST [0]
    SUPER2 ==> GAP [1]
---------------------------------------------------
(HELLO_WORLD)  [Constructor]
(HELLO_WORLD)  [Constructor]
==OBJECT REPORT==================================================
Object (5) of class (AP_TEST)
Top Level Object. Object haven't father
No PseudoFather information
Object has 2 superobjects
    Id : (SUPER2) Class : (GAP) Class attached Object: (GAP)
    Id : (SUPER1) Class : (HELLO_WORLD) Class attached Object: (HELLO_WORLD)
Object has 2 subobjects
    Id : (INNER2) Class : (GAP) Class attached Object: (GAP)
    Id : (INNER1) Class : (HELLO_WORLD) Class attached Object: (HELLO_WORLD)
Virtual Methods in object
==END OBJECT REPORT==========================================
---[View Up from Cloned Object]----------------------
    Our Clon ==> AP_TEST [5]
      SUPER2 ==> GAP [8]
      SUPER1 ==> HELLO_WORLD [9]
---[View Down from Cloned Object]--------------------
      INNER2 ==> GAP [6]
      INNER1 ==> HELLO_WORLD [7]
    Our Clon ==> AP_TEST [5]
-----------------------------------------------------
---[Running 'display' method]-------------------------------
(AP_TEST)Id: BASE
(AP_TEST)Id: BASE
---[Running 'say' method on clon]----------------------------
(HELLO_WORLD)  [say] -------------------------------
(HELLO_WORLD)  [say] Hello world!!!!
(HELLO_WORLD)  [say] Property num : 0
(HELLO_WORLD)  [say] Property str : INNER1
(HELLO_WORLD)  [say] -------------------------------
(HELLO_WORLD)  [say] -------------------------------
(HELLO_WORLD)  [say] Hello world!!!!
(HELLO_WORLD)  [say] Property num : 0
(HELLO_WORLD)  [say] Property str : SUPER1
(HELLO_WORLD)  [say] -------------------------------
---[Re-Running 'display' after property update]--------------
(AP_TEST)Id: ORIGINAL!!!
(AP_TEST)Id: CLONED!!!
---[Re-Running 'say' after property update. Original]-------
(HELLO_WORLD)  [say] -------------------------------
(HELLO_WORLD)  [say] Hello world!!!!
(HELLO_WORLD)  [say] Property num : 0
(HELLO_WORLD)  [say] Property str : INNER1
(HELLO_WORLD)  [say] -------------------------------
(HELLO_WORLD)  [say] -------------------------------
(HELLO_WORLD)  [say] Hello world!!!!
(HELLO_WORLD)  [say] Property num : 0
(HELLO_WORLD)  [say] Property str : SUPER1
(HELLO_WORLD)  [say] -------------------------------
---[Re-Running 'say' after property update. Clon]-----------
(HELLO_WORLD)  [say] -------------------------------
(HELLO_WORLD)  [say] Hello world!!!!
(HELLO_WORLD)  [say] Property num : 0
(HELLO_WORLD)  [say] Property str : CLONED-INNER1
(HELLO_WORLD)  [say] -------------------------------
(HELLO_WORLD)  [say] -------------------------------
(HELLO_WORLD)  [say] Hello world!!!!
(HELLO_WORLD)  [say] Property num : 0
(HELLO_WORLD)  [say] Property str : CLONED-SUPER1
(HELLO_WORLD)  [say] -------------------------------
---[Destroying objects] ---------------------------
(HELLO_WORLD)  [Destructor]
(HELLO_WORLD)  [Destructor]
(HELLO_WORLD)  [Destructor]
(HELLO_WORLD)  [Destructor]
----------------------------------------------------
Testing buffer replication on clonning call
----------------------------------------------------
Original Item 1 : EDMA_C_IMP_BUILDER, c, Build C Class's Skeleton
cloned Item 1 : EDMA_C_IMP_BUILDER, c, Build C Class's Skeleton
---------------------[EDMAEnd]----------------------------------
No more process in GNU EDMA. Freeing All Resources...
Cleanup done!!
