
GNU/EDMA 0.16.4 build [Jan 30 2010][Beta][0.16.4] starting up...
EDMA Startup process... OK

---------------------------------------------
EDMA Data Types Test....

---------------------------------------------
Testing Integer Signed Types....
---------------------------------------------
[esi32] Real value : 65538 Recover Value: 65538
[esi32] Real value : -65538 Recover Value: -65538
[esi16] Real value : 15000 Recover Value: 15000
[esi16] Real value : -15000 Recover Value: -15000
[esi8]  Real value : 127 Recover Value: 127
[esi8]  Real value : -127 Recover Value: -127
---------------------------------------------
Testing Integer Unsigned Types
---------------------------------------------
[eui32] Real value : 68000 Recover Value: 68000
[eui16] Real value : 30000 Recover Value: 30000
[eui8]  Real value : 250 Recover Value: 250
---------------------------------------------
Testing Real Types
---------------------------------------------
[er32] Real value : 2.500000 Recover Value: 2.500000
[er64] Real value : 2.500000 Recover Value: 2.500000
---------------------------------------------
Testing Byte,Word,DWord Types...
---------------------------------------------
[edw] Real value : 128000 Recover Value: 128000
[ew]  Real value : 65000 Recover Value: 65000
[eb]  Real value : 250 Recover Value: 250
---------------------------------------------
Testing String Types...
---------------------------------------------
[ezstr] Real value: 'Literal String' Recover Value: 'Literal String'
[ezstr] Real value: 'Variable String' Recover Value: 'Variable String'

---------------------------------------------
Test Ends
------------------------------------------------------------------[EDMAEnd]----------------------------------
[WARNNING][EDMAEnd] Object 0 of class ETYPES_TEST don't destroyed
No more process in GNU EDMA. Freeing All Resources...
Cleanup done!!
