NAL v 0.1

GNU/EDMA 0.16.4 build [Jan 30 2010][Beta][0.16.4] starting up...
EDMA Startup process... OK
(HELLO_APP)Received 2 parameters
(HELLO_APP)	Parameter 0: 'nal'
(HELLO_APP)	Parameter 1: 'HELLO_APP'
(HELLO_APP)Hello World!!!
---------------------[EDMAEnd]----------------------------------
[WARNNING][EDMAEnd] Object 0 of class HELLO_APP don't destroyed
No more process in GNU EDMA. Freeing All Resources...
Cleanup done!!
