
GNU/EDMA 0.17.1 build [Feb  6 2010][Beta][0.17.1] starting up...
EDMA Startup process... OK

ANNA SIU Proxy Test
===================
Hello World from Python!!!
(REALIZATION)[met1] String: Hello World! | Integer : 125
(REALIZATION)[met2] String : Hello Again!
--------------------------------------------------------
Running test.py script

-- Running Display method on Class PERSON from Python! ------

Nobody

-- Running REALIZATION>met2 on Class PERSON from Python! ----

(REALIZATION)[met2] String : Hello from a script

---------------------------------------------------------

---------------------[EDMAEnd]----------------------------------
No more process in GNU EDMA. Freeing All Resources...
Cleanup done!!
