
GNU/EDMA 0.17.1 build [Feb  6 2010][Beta][0.17.1] starting up...
EDMA Startup process... OK
+ Creating class PERSON_ADAPTER
+ Creating 'PERSON' instance
+ Attaching PERSON_ADAPTOR to PERSON object
+ Accessing PERSON using New Interface.
Who are you?. I'm John Smith
+ Accessing PERSON Using Old Interface
John Smith

---------------------[EDMAEnd]----------------------------------
No more process in GNU EDMA. Freeing All Resources...
Cleanup done!!
