
GNU/EDMA 0.17.1 build [Feb  6 2010][Beta][0.17.1] starting up...
EDMA Startup process... OK
Specialize 'CIRCLE' to use API1
(API1)Drawing Circle at (1.000000, 2.000000) radius 7.500000)
Change implementation
(API2)Drawing Circle at (5.000000, 7.000000) radius 27.500000)
--------------------------
Static Example....
--------------------------
(API1)Drawing Circle at (1.000000, 2.000000) radius 7.500000)
(API2)Drawing Circle at (5.000000, 7.000000) radius 27.500000)
---------------------[EDMAEnd]----------------------------------
No more process in GNU EDMA. Freeing All Resources...
Cleanup done!!
