
GNU/EDMA 0.17.1 build [Feb  6 2010][Beta][0.17.1] starting up...
EDMA Startup process... OK
-------------------------------------
Handler 1
-------------------------------------
-- Param: 10 ------------------------
(TOP_LEVEL)Handler 1
-- Param: 100 -----------------------
(MEDIUM1)Handler 1
-- Param: 1000 ----------------------
(LOW)Handler 1
-- Param: 2000 ----------------------
[EDMA_EXCEPTION] <1> :: [edma_parse_classpath] Class 'INNER' don't exist.'INNER' Anchor Point/Class not found in classpath
[EDMA_EXCEPTION] <1> :: [edma_met3_pargs] Can't run method 'INNER<.handler1' on object 2 of class 'LOW'
-------------------------------------
Handler 2
-------------------------------------
-- Param: 20 ----------------------
(TOP_LEVEL)Handler 2
-- Param: 200 ----------------------
(MEDIUM2)Handler 2
-- Param: 2000 ----------------------
(LOW)Handler 2
-- Param: 100 ----------------------
(LOW)Handler 2
---------------------[EDMAEnd]----------------------------------
No more process in GNU EDMA. Freeing All Resources...
Cleanup done!!
