
GNU/EDMA 0.16.4 build [Jan 30 2010][Beta][0.16.4] starting up...
EDMA Startup process... OK
[EDMA_EXCEPTION] <1> :: [edma_met3] Class 'UNKNOWN_CLASS' don't exist
===================================================
[EDMA_EXCEPTION] <1> :: [edma_smet3x] Method 'UnknownMethod' not found in class 'STATIC_MET_TEST'
-> RUnning SMet1
Running Static Method SMet1 of class STATIC_MET_TEST[262]
Par 1: Hola Mundo!!!
Par 2: 50
-> RUnning SMet2
Running Static Method SMet2 of class STATIC_MET_TEST[262]
Par 1: 10
Par 2: 20
sum: 30
Result : 30

---------------------[EDMAEnd]----------------------------------
No more process in GNU EDMA. Freeing All Resources...
Cleanup done!!
