
GNU/EDMA 0.16.4 build [Jan 30 2010][Beta][0.16.4] starting up...
EDMA Startup process... OK
(HELLO_WORLD)  [Constructor]
==OBJECT REPORT==================================================
Object (0) of class (HELLO_WORLD)
Top Level Object. Object haven't father
No PseudoFather information
Object has 0 superobjects
Object has 0 subobjects
Virtual Methods in object
==END OBJECT REPORT==========================================
(HELLO_WORLD)  [Destructor]
==OBJECT REPORT==================================================
Object (0) of class (GRADUATE)
Top Level Object. Object haven't father
No PseudoFather information
Object has 1 superobjects
    Id : (PERSON) Class : (PERSON) Class attached Object: (PERSON)
Object has 0 subobjects
Virtual Methods in object
==END OBJECT REPORT==========================================
(RUNABLE)Creating object of class HELLO_WORLD
(HELLO_WORLD)  [Constructor]
(RUNABLE)Creating thread for method say
[RUNABLE] Invoking threaded method say on object 1
(HELLO_WORLD)  [say] -------------------------------
(HELLO_WORLD)  [say] Hello world!!!!
(HELLO_WORLD)  [say] Property num : 0
(HELLO_WORLD)  [say] Property str : (null)
(HELLO_WORLD)  [say] -------------------------------
[edma_thread_unregister] Unregistering thread 0xb7d08b90
======> Index 1 of 2[edma_thread_unregister] Thread 0xb7d08b90 found at index 1
==OBJECT REPORT==================================================
Object (0) of class (RUNABLE)
Top Level Object. Object haven't father
No PseudoFather information
Object has 0 superobjects
Object has 0 subobjects
Virtual Methods in object
==END OBJECT REPORT==========================================
(HELLO_WORLD)  [Destructor]
[EDMA_EXCEPTION] <1> :: [edma_obj_report] Invalid Object Identifier: -1
[EDMA_EXCEPTION] <1> :: [edma_free_obj] Invalid Object Identifier: -1
---------------------[EDMAEnd]----------------------------------
No more process in GNU EDMA. Freeing All Resources...
Cleanup done!!
