
GNU/EDMA 0.16.4 build [Jan 30 2010][Beta][0.16.4] starting up...
EDMA Startup process... OK
  **INFO** [edma_local_class_finish] TEST[id:285] is an old version... updating
  **INFO** [edma_local_class_finish] TEST[id:285] is an old version... updating
  **INFO** [edma_local_class_finish] TEST[id:286] is an old version... updating
(TEST)[TEST 2.0] Method
--------------------------------------------------------
Forcing application to use TEST version 0.0
---> Updating version for class: 'TEST'
(TEST)[TEST 0.0] Method
--------------------------------------------------------
Forcing application to use TEST version 2.0
---> Updating version for class: 'TEST'
(TEST)[TEST 2.0] Method
--------------------------------------------------------
Forcing application to use TEST version 1.0
---> Updating version for class: 'TEST'
(TEST)[TEST 1.0] Method
---------------------[EDMAEnd]----------------------------------
No more process in GNU EDMA. Freeing All Resources...
Cleanup done!!
