
GNU/EDMA 0.16.4 build [Jan 30 2010][Beta][0.16.4] starting up...
EDMA Startup process... OK
(EDMA_DII)[DII_Request] Method: test_in_int signature S32U32S16U16S8U8rS32
(EDMA_DII)[DII_add_canonical_int] Param 1 Value: '-100000' Flags:0 Param Signature: S32
(EDMA_DII)[DII_add_canonical_int] Param 2 Value: '100000' Flags:0 Param Signature: U32
(EDMA_DII)[DII_add_canonical_int] Param 3 Value: '-10000' Flags:0 Param Signature: S16
(EDMA_DII)[DII_add_canonical_int] Param 4 Value: '10000' Flags:0 Param Signature: U16
(EDMA_DII)[DII_add_canonical_int] Param 5 Value: '-100' Flags:0 Param Signature: S8
(EDMA_DII)[DII_add_canonical_int] Param 6 Value: '100' Flags:0 Param Signature: U8
=================> Running Method
(EDMA_DII)[DII_Invoke] Invoking Method test_in_int#S32U32S16U16S8U8rS32
(DII_TEST)[DII_TESTtest_in_intS32U32S16U16S8U8rS32] Signed 32-bit parameter   : -100000
(DII_TEST)[DII_TESTtest_in_intS32U32S16U16S8U8rS32] Unsigned 32-bit parameter : 100000
(DII_TEST)[DII_TESTtest_in_intS32U32S16U16S8U8rS32] Signed 16-bit parameter   : -10000
(DII_TEST)[DII_TESTtest_in_intS32U32S16U16S8U8rS32] Unsigned 16-bit parameter : 10000
(DII_TEST)[DII_TESTtest_in_intS32U32S16U16S8U8rS32] Signed 8-bit parameter   : -100
(DII_TEST)[DII_TESTtest_in_intS32U32S16U16S8U8rS32] Unsigned 8-bit parameter : 100
=================> Method Finished =========================>
(EDMA_DII)[DII_Request] Method: test_in_real signature R32R64rS32
(EDMA_DII)[DII_add_canonical_double] Param 1 Value: 5.123000 Flags:-0.000000 Param Signature: (null)
(EDMA_DII)[DII_add_canonical_double] Param 2 Value: -500.321000 Flags:-0.000000 Param Signature: (null)
=================> Running Method
(EDMA_DII)[DII_Invoke] Invoking Method test_in_real#R32R64rS32
(DII_TEST)[DII_TESTtest_in_realR32R64rS32] Real 32-bit parameter : 5.123000
(DII_TEST)[DII_TESTtest_in_realR32R64rS32] Real 64-bit parameter : -500.321000
=================> Method Finished =========================>
(EDMA_DII)[DII_Request] Method: test_in_mixed signature S8U32R32S32S32
(EDMA_DII)[DII_add_canonical_int] Param 1 Value: '5' Flags:0 Param Signature: S8
(EDMA_DII)[DII_add_canonical_int] Param 2 Value: '10000' Flags:0 Param Signature: U32
(EDMA_DII)[DII_add_canonical_double] Param 3 Value: 100.523000 Flags:-0.000000 Param Signature: (null)
(EDMA_DII)[DII_add_canonical_int] Param 4 Value: '-10000' Flags:0 Param Signature: S32
=================> Running Method
(EDMA_DII)[DII_Invoke] Invoking Method test_in_mixed#S8U32R32S32S32
(DII_TEST)[DII_TESTtest_in_mixedS8U32R32S32S32] Signed 8-bit parameter   : 5
(DII_TEST)[DII_TESTtest_in_mixedS8U32R32S32S32] Unsigned 32-bit parameter : 10000
(DII_TEST)[DII_TESTtest_in_mixedS8U32R32S32S32] Real 32-bit parameter : 100.523003
(DII_TEST)[DII_TESTtest_in_mixedS8U32R32S32S32] Signed 32-bit parameter   : -10000
=================> Method Finished =========================>
(EDMA_DII)[DII_Request] Method: test_in_other signature ZOZrS32
(EDMA_DII)[DII_add_canonical_int] Param 1 Value: Hello World Flags:0 Param Signature: Z
(EDMA_DII)[DII_add_canonical_int] Param 2 Value: '0' Flags:0 Param Signature: O
(EDMA_DII)[DII_add_canonical_int] Param 3 Value: bye cruel World! Flags:0 Param Signature: Z
=================> Running Method
(EDMA_DII)[DII_Invoke] Invoking Method test_in_other#ZOZrS32
(DII_TEST)[DII_TESTtest_in_otherZOZrS32] First Input String is  : 'Hello World'
(DII_TEST)[DII_TESTtest_in_otherZOZrS32] Second Input String is : 'bye cruel World!'
(DII_TEST)[DII_TESTtest_in_otherZOZrS32] Object Input Param is  : 0 ==> Object Report follows
==OBJECT REPORT==================================================
Object (0) of class (DII_TEST)
Top Level Object. Object haven't father
No PseudoFather information
Object has 0 superobjects
Object has 0 subobjects
Virtual Methods in object
==END OBJECT REPORT==========================================
=================> Method Finished =========================>
(EDMA_DII)[DII_Request] Method: test_out_int signature sS8sU32sS32
(EDMA_DII)[DII_add_canonical_int] Param 1 Value: 0x0xbf8529fb Flags:0 Param Signature: sS8
(EDMA_DII)[DII_add_canonical_int] Param 2 Value: 0x0xbf8529e8 Flags:0 Param Signature: sU32
(EDMA_DII)[DII_add_canonical_int] Param 3 Value: 0x0xbf8529ec Flags:0 Param Signature: sS32
=================> Running Method
(EDMA_DII)[DII_Invoke] Invoking Method test_out_int#sS8sU32sS32
(DII_TEST)[DII_TESTtest_out_intsS8sU32sS32] Parameter pointer received: 0xbf8529fb - 0xbf8529e8 - 0xbf8529ec
(DII_TEST)[DII_TESTtest_out_intsS8sU32sS32] Input Signed 8-bit Integer is    : 100 
(DII_TEST)[DII_TESTtest_out_intsS8sU32sS32] Input UnSigned 32-bit Integer is : 10000 
(DII_TEST)[DII_TESTtest_out_intsS8sU32sS32] Input Signed 32-bit Integer is   : -10000 
=================> Method Finished =========================>
Output parameters are:
--> Signed 8-bit Integer    : 1 [0xbf8529fb]
--> Unsigned 32-bit Integer : 2 [0xbf8529e8]
--> Signed 32-bit Integer   : 3 [0xbf8529ec]
(EDMA_DII)[DII_Request] Method: test_out_real signature sR32sR64rS32
(EDMA_DII)[DII_add_canonical_int] Param 1 Value: 0x0xbf8529e4 Flags:0 Param Signature: sR32
(EDMA_DII)[DII_add_canonical_int] Param 2 Value: 0x0xbf8529d8 Flags:0 Param Signature: sR64
=================> Running Method
(EDMA_DII)[DII_Invoke] Invoking Method test_out_real#sR32sR64rS32
(DII_TEST)[DII_TESTtest_out_realsR32sR64rS32] Values received -> r32:10.560000 r64:501.760000
=================> Method Finished =========================>
Output parameters are:
--> Real 32-bit Integer : 20.560001 [0xbf8529fb]
--> Real 64-bit Integer : 511.760000 [0xbf8529e8]
(EDMA_DII)[DII_Request] Method: test_in_other signature ZOZrS32
(EDMA_DII)[DII_add_canonical_int] Param 1 Value: Hello Flags:0 Param Signature: Z
(EDMA_DII)[DII_add_canonical_int] Param 2 Value: '0' Flags:0 Param Signature: O
(EDMA_DII)[DII_add_canonical_int] Param 3 Value: World Flags:0 Param Signature: Z
=================> Running Method
(EDMA_DII)[DII_Invoke] Invoking Method test_in_other#ZOZrS32
(DII_TEST)[DII_TESTtest_in_otherZOZrS32] First Input String is  : 'Hello'
(DII_TEST)[DII_TESTtest_in_otherZOZrS32] Second Input String is : 'World'
(DII_TEST)[DII_TESTtest_in_otherZOZrS32] Object Input Param is  : 0 ==> Object Report follows
==OBJECT REPORT==================================================
Object (0) of class (DII_TEST)
Top Level Object. Object haven't father
No PseudoFather information
Object has 0 superobjects
Object has 0 subobjects
Virtual Methods in object
==END OBJECT REPORT==========================================
(EDMA_DII)[DII_Request] Method: test_out_other signature sZsOsZrS32
(EDMA_DII)[DII_add_canonical_int] Param 1 Value: 0x0xbf852a4c Flags:0 Param Signature: sZ
(EDMA_DII)[DII_add_canonical_int] Param 2 Value: 0x0xbf8529e0 Flags:0 Param Signature: sO
(EDMA_DII)[DII_add_canonical_int] Param 3 Value: 0x0xbf8529fc Flags:0 Param Signature: sZ
=================> Running Method
(EDMA_DII)[DII_Invoke] Invoking Method test_out_other#sZsOsZrS32
(DII_TEST)[DII_TESTtest_out_othersZsOsZrS32] First Input String is: 'Hello'
(DII_TEST)[DII_TESTtest_out_othersZsOsZrS32] Second Input String is : 'World!'
(DII_TEST)[DII_TESTtest_out_othersZsOsZrS32] Object Input Param is  : 1 ==> Object Report follows
==OBJECT REPORT==================================================
Object (1) of class (EDMA_DII)
Top Level Object. Object haven't father
No PseudoFather information
Object has 0 superobjects
Object has 0 subobjects
Virtual Methods in object
==END OBJECT REPORT==========================================
=================> Method Finished =========================>
Output parameters are:
---> String 1 : 'Parameter 1 Changed!' 
---> Object   : -1
---> String 2 : 'Parameter 2 Changed!'
(EDMA_DII)[DII_Request] Method: test_inout signature sR64ZsZS32sA
(EDMA_DII)[DII_add_canonical_int] Param 1 Value: 0x0xbf8529d8 Flags:0 Param Signature: sR64
(EDMA_DII)[DII_add_canonical_int] Param 2 Value: Hello Flags:0 Param Signature: Z
(EDMA_DII)[DII_add_canonical_int] Param 3 Value: 0x0xbf852a4c Flags:0 Param Signature: sZ
(EDMA_DII)[DII_add_canonical_int] Param 4 Value: '54' Flags:0 Param Signature: S32
(EDMA_DII)[DII_add_canonical_int] Param 5 Value: '100' Flags:0 Param Signature: S32
(EDMA_DII)ERROR: Type mismatch: Type S32 not valid for parameter 4 on method 'test_inoutsR64ZsZS32sA'.
=================> Running Method
(EDMA_DII)[DII_Invoke] Invoking Method test_inout#sR64ZsZS32sA
(DII_TEST)[DII_TESTtest_inoutsR64ZsZS32sA] Input Real 64-bits : 101.790000
(DII_TEST)[DII_TESTtest_inoutsR64ZsZS32sA] Input string       :'Hello'
(DII_TEST)[DII_TESTtest_inoutsR64ZsZS32sA] Input string       :'World!!!!'
(DII_TEST)[DII_TESTtest_inoutsR64ZsZS32sA] Input Int 32-bits  : 54
=================> Method Finished =========================>
Output parameters are:
---> String 1 : 'String parameter changed!' 
---> Real 64  : 121.790000
---------------------[EDMAEnd]----------------------------------
No more process in GNU EDMA. Freeing All Resources...
Cleanup done!!
