
GNU/EDMA 0.16.4 build [Jan 30 2010][Beta][0.16.4] starting up...
EDMA Startup process... OK
(HELLO_WORLD)  [Constructor]
Object 0 of class 'HELLO_WORLD' has 3 methods
(HELLO_WORLD)  [say] -------------------------------
(HELLO_WORLD)  [say] Hello world!!!!
(HELLO_WORLD)  [say] Property num : 123
(HELLO_WORLD)  [say] Property str : Hello World!!!
(HELLO_WORLD)  [say] -------------------------------
(HELLO_WORLD)  [Destructor]
---------------------[EDMAEnd]----------------------------------
No more process in GNU EDMA. Freeing All Resources...
Cleanup done!!
