
GNU/EDMA 0.17.1 build [Jan 31 2010][Beta][0.17.1] starting up...
  **INFO** [edma_class_update_versions] HELLO_WORLD[id:34] is an old version... updating
EDMA Startup process... OK
[LOGGING] New object of class 'HELLO_WORLD'
(HELLO_WORLD)Object Created
[LOGGING] Object Identifier = 1
[LOGGING] Writting propery 'str' on object 1
[LOGGING] Writting propery 'num' on object 1
[LOGGING] Running method 'say' on object 1
(HELLO_WORLD) (v1.0) Number : 123
(HELLO_WORLD) (v1.0) String : Hoooooola
[LOGGING] Destroying object 1
(HELLO_WORLD)Object destroyed
---------------------[EDMAEnd]----------------------------------
No more process in GNU EDMA. Freeing All Resources...
Cleanup done!!
