
GNU/EDMA 0.16.1 build [Jan 23 2010][Beta][0.16.4] starting up...
EDMA Startup process... OK


Run object normally
************************
(HELLO_WORLD)  [Constructor]
(HELLO_WORLD)  [say] -------------------------------
(HELLO_WORLD)  [say] Hello world!!!!
(HELLO_WORLD)  [say] Property num : 123
(HELLO_WORLD)  [say] Property str : Hoooooola
(HELLO_WORLD)  [say] -------------------------------

Attach a logger aspect
**********************
-->[LOGGING] Writting property 'str' on object 1
-->[LOGGING] Writting property 'num' on object 1
-->[LOGGING] Running method 'say' on object 1
(HELLO_WORLD)  [say] -------------------------------
(HELLO_WORLD)  [say] Hello world!!!!
(HELLO_WORLD)  [say] Property num : 321
(HELLO_WORLD)  [say] Property str : Aaaaadiiios
(HELLO_WORLD)  [say] -------------------------------
-->[LOGGING] Running method 'not_found' on object 1
-->[LOGGING] Exception running method 'not_found' on object 1
[EDMA_EXCEPTION] <1> :: [_edma_locate_method] Method 'not_found' not found in object '1' through classpath: 'not_found'

Detach a log proxy
********************
-->[LOGGING] Destroying object 1
(HELLO_WORLD)  [say] -------------------------------
(HELLO_WORLD)  [say] Hello world!!!!
(HELLO_WORLD)  [say] Property num : 456
(HELLO_WORLD)  [say] Property str : Bye Bye bye...
(HELLO_WORLD)  [say] -------------------------------
(HELLO_WORLD)  [Destructor]
---------------------[EDMAEnd]----------------------------------
No more process in GNU EDMA. Freeing All Resources...
Cleanup done!!
