
GNU/EDMA 0.16.4 build [Jan 30 2010][Beta][0.16.4] starting up...
EDMA Startup process... OK
Initialising EMI Handler....
EMI Handler succesfully hooked
(HELLO_WORLD)  [Constructor]
(HELLO_WORLD)  [Destructor]
(DEFAULT_EMI_HANDLER)----------------------------------------------
(DEFAULT_EMI_HANDLER)Looking for class 'BYE_BYE_WORLD'...
(DEFAULT_EMI_HANDLER)-> Since this is a test, no class get found...
(DEFAULT_EMI_HANDLER)----------------------------------------------
[EDMA_EXCEPTION] <1> :: [edma_parse_class_name] Class 'BYE_BYE_WORLD' not found
---------------------[EDMAEnd]----------------------------------
No more process in GNU EDMA. Freeing All Resources...
Cleanup done!!
