
GNU/EDMA 0.17.1 build [Feb  6 2010][Beta][0.17.1] starting up...
EDMA Startup process... OK
--- Running Original methods ----------------------
(SUBCLASS1)Running method Met1
(SUPER_CLASS)Method Met1. Prop Value: 0
---- Showing Object Reports -------------------
==OBJECT REPORT==================================================
Object (0) of class (SUBCLASS1)
Top Level Object. Object haven't father
No PseudoFather information
Object has 1 superobjects
    Id : (SUPER_CLASS) Class : (SUPER_CLASS) Class attached Object: (SUPER_CLASS)
Object has 0 subobjects
Virtual Methods in object
==END OBJECT REPORT==========================================
==OBJECT REPORT==================================================
Object (1) of class (SUPER_CLASS)
Top Level Object. Object haven't father
No PseudoFather information
Object has 0 superobjects
Object has 1 subobjects
    Id : (SUBCLASS1) Class : (SUBCLASS1) Class attached Object: (SUBCLASS1)
Virtual Methods in object
    Nobody overrides Method [Met1]
    Nobody overrides Method [born]
    Nobody overrides Method [rip]
==END OBJECT REPORT==========================================



----------------------------------------------
Override Met1 on SUPER_CLASS with function in main app
----------------------------------------------
-> Running method 'SUPER_CLASS>Met1' on object
[Main App] Invoked Met1 on SUPER_CLASS object
==OBJECT REPORT==================================================
Object (1) of class (SUPER_CLASS)
Top Level Object. Object haven't father
No PseudoFather information
Object has 0 superobjects
Object has 1 subobjects
    Id : (SUBCLASS1) Class : (SUBCLASS1) Class attached Object: (SUBCLASS1)
Virtual Methods in object
    Main Application overrides Method [Met1]
    Nobody overrides Method [born]
    Nobody overrides Method [rip]
==END OBJECT REPORT==========================================



----------------------------------------------
Running original Met1 on SUPER_CLASS
----------------------------------------------
(SUPER_CLASS)Method Met1. Prop Value: 0



----------------------------------------------
Removing override on Met1 on SUPER_CLASS
----------------------------------------------
-> Running method 'SUPER_CLASS>Met1' on object
(SUPER_CLASS)Method Met1. Prop Value: 0



----------------------------------------------
Override Met1 on SUPER_CLASS with Met4 on SUBCLASS1 (over_met3)
-------------------------------------------
---- Running Met1 on SUPER_CLASS------------------
(SUBCLASS1)Running method Met4
---- Running Original Met1 on SUPER_CLASS ----------
(SUPER_CLASS)Method Met1. Prop Value: 0
-------------------------------------------
==OBJECT REPORT==================================================
Object (1) of class (SUPER_CLASS)
Top Level Object. Object haven't father
No PseudoFather information
Object has 0 superobjects
Object has 1 subobjects
    Id : (SUBCLASS1) Class : (SUBCLASS1) Class attached Object: (SUBCLASS1)
Virtual Methods in object
    Object [000] of Class [SUBCLASS1] overrides Method [Met1] with Method [Met4]
    Nobody overrides Method [born]
    Nobody overrides Method [rip]
==END OBJECT REPORT==========================================
-------------------------------------------
----------------------------------------------
** Restore Met1 on SUPER_CLASS
(SUPER_CLASS)Method Met1. Prop Value: 0
(SUBCLASS1)Running method Met4
==OBJECT REPORT==================================================
Object (1) of class (SUPER_CLASS)
Top Level Object. Object haven't father
No PseudoFather information
Object has 0 superobjects
Object has 1 subobjects
    Id : (SUBCLASS1) Class : (SUBCLASS1) Class attached Object: (SUBCLASS1)
Virtual Methods in object
    Nobody overrides Method [Met1]
    Nobody overrides Method [born]
    Nobody overrides Method [rip]
==END OBJECT REPORT==========================================
Press any key to continue....
----------------------------------------------
---------------------[EDMAEnd]----------------------------------
No more process in GNU EDMA. Freeing All Resources...
Cleanup done!!
