GNU/EDMA 0.16.1 build [Jan 23 2010][Beta][0.16.4] starting up...
EDMA Startup process... OK
----------------------------------
(ABSTRACT2)[SYSTEM_WARNNING] Trying to execute abstract method 'met1' on instance 0 of class 'ABSTRACT2'
(ABSTRACT2)This is a virtual method with default implementation
(ABSTRACT2)This is a normal methods
----------------------------------
(ABSTRACT2)New code for met1. Par1: 'Hello' Par2: 2
(ABSTRACT2)New code for met2. Par1: 'Hello'
(ABSTRACT2)This is a normal methods
----------------------------------
(ABSTRACT1)[SYSTEM_WARNNING] Trying to execute abstract method 'met1' on instance 0 of class 'ABSTRACT1'
(ABSTRACT1)[SYSTEM_WARNNING] Trying to execute abstract method 'met2' on instance 0 of class 'ABSTRACT1'
----------------------------------
(ABSTRACT1)New code for met1. Par1: 'Hello' Par2: 2
(ABSTRACT1)New code for met2. Par1: 'Hello'
----------------------------------
(REALIZATION)[met1] String: Hello | Integer : 2
(REALIZATION)[met2] String : Hello
**ERROR**[edma_over_met] Method met1 in Class REALIZATION isn't Virtual
----------------------------------
(REALIZATION)[met1] String: Hello | Integer : 2
(REALIZATION)New code for met2. Par1: 'Hello'
---------------------[EDMAEnd]----------------------------------
No more process in GNU EDMA. Freeing All Resources...
Cleanup done!!
