
GNU/EDMA 0.16.4 build [Jan 30 2010][Beta][0.16.4] starting up...
EDMA Startup process... OK
[Main] Creating Threads....
[edma_thread_list] GNU/EDMA Global Thread List:
[edma_thread_list] Index 0: Thread 0x0xb7de9b60 Thread Stack: 0
[et0] Initiating et0 Main Loop
[et0] et0 working...
(HELLO_WORLD)  [Constructor]
(HELLO_WORLD)  [Destructor]
[et0] et0 working...
(HELLO_WORLD)  [Constructor]
(HELLO_WORLD)  [Destructor]
[edma_thread_list] GNU/EDMA Global Thread List:
[edma_thread_list] Index 0: Thread 0x0xb7de9b60 Thread Stack: 0
[edma_thread_list] Index 1: Thread 0x0xb7dadb90 Thread Stack: 0
[et1] Initiating et1 Main Loop
[et1] et1 working...
[et0] et0 working...
(HELLO_WORLD)  [Constructor]
(HELLO_WORLD)  [Destructor]
[et1] et1 working...
[edma_thread_list] GNU/EDMA Global Thread List:
[edma_thread_list] Index 0: Thread 0x0xb7de9b60 Thread Stack: 0
[edma_thread_list] Index 1: Thread 0x0xb7dadb90 Thread Stack: 0
[edma_thread_list] Index 2: Thread 0x0xb75acb90 Thread Stack: 0
[et0] et0 working...
(HELLO_WORLD)  [Constructor]
(HELLO_WORLD)  [Destructor]
[et1] et1 working...
[et0] et0 working...
(HELLO_WORLD)  [Constructor]
(HELLO_WORLD)  [Destructor]
[et1] et1 working...
[et0] et0 working...
(HELLO_WORLD)  [Constructor]
(HELLO_WORLD)  [Destructor]
[et1] et1 working...
[et0] et0 working...
(HELLO_WORLD)  [Constructor]
(HELLO_WORLD)  [Destructor]
[et1] et1 working...
[et0] et0 working...
(HELLO_WORLD)  [Constructor]
(HELLO_WORLD)  [Destructor]
[et1] et1 working...
[et0] et0 working...
(HELLO_WORLD)  [Constructor]
(HELLO_WORLD)  [Destructor]
[edma_thread_list] GNU/EDMA Global Thread List:
[edma_thread_list] Index 0: Thread 0x0xb7de9b60 Thread Stack: 0
[edma_thread_list] Index 1: Thread 0x0xb7dadb90 Thread Stack: 0
[edma_thread_list] Index 2: Thread 0x0xb75acb90 Thread Stack: 0
[Main] Killing Threads...
[et1] et1 working...
[edma_thread_unregister] Unregistering thread 0xb7dadb90
======> Index 1 of 3[edma_thread_unregister] Thread 0xb7dadb90 found at index 1
[et1] et1 working...
[edma_thread_list] GNU/EDMA Global Thread List:
[edma_thread_list] Index 0: Thread 0x0xb7de9b60 Thread Stack: 0
[edma_thread_list] Index 1: Thread 0x0xb75acb90 Thread Stack: 0
[edma_thread_unregister] Unregistering thread 0xb75acb90
======> Index 1 of 2[edma_thread_unregister] Thread 0xb75acb90 found at index 1
[edma_thread_list] GNU/EDMA Global Thread List:
[edma_thread_list] Index 0: Thread 0x0xb7de9b60 Thread Stack: 0
[Main] done.
---------------------[EDMAEnd]----------------------------------
No more process in GNU EDMA. Freeing All Resources...
Cleanup done!!
