
GNU/EDMA 0.17.1 build [Feb  6 2010][Beta][0.17.1] starting up...
EDMA Startup process... OK
Init

29 bytes read. buffer is: Hello World!!!Hello World!!!

0 bytes read. buffer is: Hello World!!!Hello World!!!

=======================================================
---------------------[EDMAEnd]----------------------------------
No more process in GNU EDMA. Freeing All Resources...
Cleanup done!!
