
GNU/EDMA 0.17.1 build [Feb  6 2010][Beta][0.17.1] starting up...
EDMA Startup process... OK
(MULTI_SERIALIZER)[INFO] About to read 21571 bytes from file multidata.dat
(MULTI_SERIALIZER)Stream serialized using MULTI_SERIALIZER v 0.0
(MULTI_SERIALIZER)Unmarshalling compound object. 3 subobjects and 4 ap rules
==OBJECT REPORT==================================================
Object (2) of class (ID)
Top Level Object. Object haven't father
No PseudoFather information
Object has 1 superobjects
    Id : (SUPER) Class : (AP_TEST) Class attached Object: (AP_TEST)
Object has 1 subobjects
    Id : (INNER) Class : (AP_TEST) Class attached Object: (AP_TEST)
Virtual Methods in object
==END OBJECT REPORT==========================================
-- ==> ID [2]
  SUPER ==> AP_TEST [3]
  INNER ==> AP_TEST [4]
-- ==> ID [2]
Showing 5 elements
List size : 20740
Item 0: [EDMAIDF_BUILDER] [idf] [Build EDMA Interface Definition File]
Item 1: [EDMA_C_IMP_BUILDER] [c] [Build C Class's Skeleton]
Item 2: [EDMA_INES_BUILDER] [ines] [Build INES files]
Item 3: [EDMA_DOC_BUILDER] [sgml] [Build SGML EDMA Classes Documentation]
Item 4: [AUTOTOOLS_PROJECT] [sgml] [Builds a basic EDMA class project]
SUPER: SUPEROBJECT
INNER: SUBOBJECT
------------------------------------------------------
---------------------[EDMAEnd]----------------------------------
[WARNNING][EDMAEnd] Object 1 of class MEMORY_STREAM don't destroyed
No more process in GNU EDMA. Freeing All Resources...
Cleanup done!!
