
GNU/EDMA 0.17.1 build [Feb  6 2010][Beta][0.17.1] starting up...
EDMA Startup process... OK
SUPER: SUPEROBJECT
INNER: SUBOBJECT
==OBJECT REPORT==================================================
Object (1) of class (ID)
Top Level Object. Object haven't father
No PseudoFather information
Object has 1 superobjects
    Id : (SUPER) Class : (AP_TEST) Class attached Object: (AP_TEST)
Object has 1 subobjects
    Id : (INNER) Class : (AP_TEST) Class attached Object: (AP_TEST)
Virtual Methods in object
==END OBJECT REPORT==========================================
-- ==> ID [1]
  SUPER ==> AP_TEST [3]
  INNER ==> AP_TEST [2]
-- ==> ID [1]
------------------------------------------------------
---------------------[EDMAEnd]----------------------------------
No more process in GNU EDMA. Freeing All Resources...
Cleanup done!!
