
GNU/EDMA 0.17.1 build [Feb  6 2010][Beta][0.17.1] starting up...
EDMA Startup process... OK
(SERIALIZER)-------------------------------------------
(SERIALIZER)Class name : ID
(SERIALIZER)Type = 2 Size = 4
(SERIALIZER)Type = 14 Size = 20736
(SERIALIZER)Marshall done!!! <------------------------->
---------------------[EDMAEnd]----------------------------------
No more process in GNU EDMA. Freeing All Resources...
Cleanup done!!
