
GNU/EDMA 0.17.1 build [Feb  6 2010][Beta][0.17.1] starting up...
EDMA Startup process... OK
(SERIALIZER)[INFO] About to read 20844 bytes from file data.dat
(SERIALIZER)Class name : ID
(SERIALIZER)Pointer : 0x80643a0 [2] properties to read
(SERIALIZER)Type = 2 Size = 4
(SERIALIZER)Type = 14 Size = 20736
Showing 5 elements
List size : 20736
Item 0: [EDMAIDF_BUILDER] [idf] [Build EDMA Interface Definition File]
Item 1: [EDMA_C_IMP_BUILDER] [c] [Build C Class's Skeleton]
Item 2: [EDMA_INES_BUILDER] [ines] [Build INES files]
Item 3: [EDMA_DOC_BUILDER] [sgml] [Build SGML EDMA Classes Documentation]
Item 4: [AUTOTOOLS_PROJECT] [sgml] [Builds a basic EDMA class project]
---------------------[EDMAEnd]----------------------------------
No more process in GNU EDMA. Freeing All Resources...
Cleanup done!!
