
GNU/EDMA 0.16.1 build [Jan 23 2010][Beta][0.16.4] starting up...
EDMA Startup process... OK
Casting Test
----------------------------------------------------
+ Creating SUBCLASS2 object... and showing hierarchy
----------------------------------------------------
<My SUBCLASS2 Object> ==> SUBCLASS2 [0]
  SUBCLASS1 ==> SUBCLASS1 [1]
    SUPER_CLASS ==> SUPER_CLASS [2]
-------------------------------------------------
+ Running MetX in SUBCLASS2 object (0)...
-------------------------------------------------
(SUBCLASS2)Running Method 1
(SUBCLASS2)Running Method 2
(SUBCLASS2)Running Method 3
(SUBCLASS1)Running method Met4
---------------------------------------------
+ Upcasting object SUBCLASS2 to SUBCLASS1...
---------------------------------------------
+ Running Met1 in SUBCLASS1 object (1)...
(SUBCLASS2)Running Method 1
(SUBCLASS1)Running method Met4
---------------------------------------------
+ Upcasting object SUBCLASS2 to SUPERCLASS...
---------------------------------------------
+ Running MetX in SUPER_CLASS object [2]. 
(SUBCLASS2)Running Method 1
(SUBCLASS2)Running Method 3
(SUBCLASS1)Running method Met4
---------------------------------------------
+ Upcast to SUPER_CLASS from SUBCLASS1 [1]... [2]
+ Downcast to SUBCLASS2 from SUBCLASS1[1]... [0]
---------------------------------------------
+ Now we add SUPER_CLASS to SUBCLASS2 object
+ Assigning  MY_ID anchor point to the path
---------------------------------------------
<Our Nice Object> ==> SUBCLASS2 [0]
  SUBCLASS1 ==> SUBCLASS1 [1]
    SUPER_CLASS ==> SUPER_CLASS [2]
  MY_ID ==> SUPER_CLASS [3]
---------------------------------------------
+ Upcast from SUBCLASS2 [0] to MY_ID...[3]
+ Upcast from SUBCLASS2 [0] to SUPER_CLASS...[2]
+ Running Met1 from any super class produces same result...
(SUBCLASS2)Running Method 1
(SUBCLASS2)Running Method 1
+ But each one can be access separatelly...
(SUPER_CLASS)Method Met1. Prop Value: 2
(SUPER_CLASS)Method Met1. Prop Value: 1
---------------------[EDMAEnd]----------------------------------
No more process in GNU EDMA. Freeing All Resources...
Cleanup done!!
